// Jest Snapshot v1, https://goo.gl/fbAQLP

exports[`Pruebas en <GifItem /> debe hacer match con el snapshot 1`] = `
<div>
  <div
    class="card"
  >
    <img
      alt="Goku"
      class="gif-image"
      src="https://localhost/algo.jpg"
    />
    <p>
      Goku
    </p>
  </div>
</div>
`;
